VBCSCompilerPreWarmer: watching VBCSCompiler (PID 8536)
VBCSCompilerPreWarmer: pre-warm launched (dotnet PID 25472)
VBCSCompiler prewarm took 22.37 ms
[Licensing::Module] Trying to connect to existing licensing client channel...
Built from '6000.6/staging' branch; Version is '6000.6.3f1 (45d8eee7de74) revision 4577518'; Using compiler version '194234433'; Build Type 'Release'
[Licensing::IpcConnector] Successfully connected to: "LicenseClient-20070705" at "2026-09-30T13:59:32.7318545Z"
OS: 'Windows 11  (10.0.26200) Enterprise' Language: 'en' Physical Memory: 32489 MB
BatchMode: 0, IsHumanControllingUs: 1, StartBugReporterOnCrash: 1, Is64bit: 1
System  architecture: x64
Process architecture: x64
Date: 2026-09-30T13:59:32Z
[Licensing::Client] Code 10 while verifying Licensing Client signature (process Id: 23644, path: "C:/Program Files/Unity Hub/UnityLicensingClient_V1/Unity.Licensing.Client.exe")
[Licensing::Module] LicensingClient has failed validation; ignoring
[Licensing::Client] Handshaking with LicensingClient:
  Version:                 1.18.3+d7ffd15
  Session Id:              c6a90ed022064f6d8a0bdf32e32d7f60
  Correlation Id:          e3de1c0e01190f523444b690e95d5069
  External correlation Id: 4091998771454721850
  Machine Id:              WRdLmTOokGzvkuNd56XeCD7vrAA=
[Licensing::Module] Successfully connected to LicensingClient on channel: "LicenseClient-20070705" (connect: 0.00s, validation: 0.00s, handshake: 0.09s)
[Licensing::IpcConnector] Successfully connected to: "LicenseClient-20070705-notifications" at "2026-09-30T13:59:32.8297432Z"
[Licensing::Client] Successfully updated the access token
[Licensing::Module] Successfully updated the access token g3BXcpakcg...
[Licensing::Client] Successfully resolved entitlement details
[Licensing::Module] License group:
  Id: 5774125461670-UnityPersXXXX
  Product: Unity Personal
  Type: Assigned
  Expiration: Unlimited
[Licensing::Client] Successfully updated license, isAsync: True, time: 0.00
[Licensing::Client] Successfully resolved entitlement details
[Licensing::Module] Licensing Background thread has ended after 0.12s

COMMAND LINE ARGUMENTS:
C:\Program Files\Unity\Hub\Editor\6000.6.3f1\Editor\Unity.exe
-projectpath
C:\Users\20070705\Desktop\Bianca\Local repositries\Quit-The-Story
-acceptSoftwareTermsForThisRunOnly
-useHub
-hubIPC
-cloudEnvironment
production
-licensingIpc
LicenseClient-20070705
-hubSessionId
41bdb7c3-2ced-4070-84ef-b99c9abcdd19
-accessToken
g3BXcpakcgE_9Q_r3_bG8mvYOzDUtK6s17csPSWdoNA005f
Successfully changed project path to: C:\Users\20070705\Desktop\Bianca\Local repositries\Quit-The-Story
C:/Users/20070705/Desktop/Bianca/Local repositries/Quit-The-Story
[UnityMemory] Configuration Parameters - Can be set up in boot.config
    "memorysetup-temp-allocator-size-gi-baking-worker=262144"
    "memorysetup-temp-allocator-size-gi-baking-worker=262144"
    "memorysetup-temp-allocator-size-gi-baking-worker=262144"
    "memorysetup-temp-allocator-size-gi-baking-worker=262144"
    "memorysetup-temp-allocator-size-gi-baking-worker=262144"
    "memorysetup-temp-allocator-size-nav-mesh-worker=65536"
    "memorysetup-temp-allocator-size-audio-worker=65536"
    "memorysetup-temp-allocator-size-cloud-worker=32768"
    "memorysetup-temp-allocator-size-gfx=262144"
    "memorysetup-remapper-allocator-initial-capacity=32768"
    "memorysetup-temp-allocator-size-preload-manager=33554432"
    "memorysetup-allocator-temp-initial-block-size-main=262144"
    "memorysetup-allocator-temp-initial-block-size-worker=262144"
    "memorysetup-temp-allocator-size-job-worker=262144"
    "memorysetup-temp-allocator-size-background-worker=32768"
    "memorysetup-bucket-allocator-granularity=16"
    "memorysetup-bucket-allocator-bucket-count=8"
    "memorysetup-bucket-allocator-block-size=33554432"
    "memorysetup-bucket-allocator-block-count=8"
    "memorysetup-main-allocator-block-size=16777216"
    "memorysetup-thread-allocator-block-size=16777216"
    "memorysetup-main-allocator-mimalloc-enabled=1"
    "memorysetup-gfx-main-allocator-block-size=16777216"
    "memorysetup-gfx-thread-allocator-block-size=16777216"
    "memorysetup-cache-allocator-block-size=4194304"
    "memorysetup-typetree-allocator-block-size=2097152"
    "memorysetup-profiler-bucket-allocator-granularity=16"
    "memorysetup-profiler-bucket-allocator-bucket-count=8"
    "memorysetup-profiler-bucket-allocator-block-size=33554432"
    "memorysetup-profiler-bucket-allocator-block-count=8"
    "memorysetup-profiler-allocator-block-size=16777216"
    "memorysetup-profiler-editor-allocator-block-size=1048576"
    "memorysetup-temp-allocator-size-main=16777216"
    "memorysetup-job-temp-allocator-block-size=2097152"
    "memorysetup-job-temp-allocator-block-size-background=1048576"
    "memorysetup-job-temp-allocator-reduction-small-platforms=262144"
Player connection [21892]  Target information:

Player connection [21892]  * "[IP] 10.43.22.186 [Port] 55504 [Flags] 2 [Guid] 3100310844 [EditorId] 3100310844 [Version] 1048832 [Id] WindowsEditor(7,SNE-A807-23-11) [Debug] 1 [PackageName] WindowsEditor [ProjectName] Editor" 

Player connection [21892] Host joined multi-casting on [225.0.0.222:54997]...
Player connection [21892] Host joined alternative multi-casting on [225.0.0.222:34997]...
Input System module state changed to: Initialized.
[Physics::Module] Initialized fallback backend.
[Physics::Module] Id: 0xdecafbad
[Package Manager] Connected to IPC stream "Upm-23496" after 0.3 seconds.
[Licensing::Client] Successfully resolved entitlement details
Library Redirect Path: Library/
Initialising UDS system complete:
  - System type: Client
  - Resource namespace: e235164d5a0438f6bb3b197ac8261883
  - Shared memory size: 1073741824
  - Command buffer id: 1052576
  - Command buffer size: 8192
  - Hashmap size: 4194304
  - Service connected: false
Launching Unity Data Store - C:/Program Files/Unity/Hub/Editor/6000.6.3f1/Editor/Data/Tools/Unity.DataStore.exe 
Unity Data Store artifact dir = Library/DataStore, working dir = C:/Users/20070705/Desktop/Bianca/Local repositries/Quit-The-StoryUnity Data Store running and initialised
[Physics::Module] Selected backend (deferred post-plugins).
[Physics::Module] Name: PhysX
[Physics::Module] Id: 0xf2b8ea05
[Physics::Module] SDK Version: 4.1.2
[Physics::Module] Integration Version: 1.0.0
[Physics::Module] Threading Mode: Multi-Threaded
Initialize engine version: 6000.6.3f1 (45d8eee7de74)
[EntityIdStore] init: VM path (explicit commit), pageSize=4096, blockCount=1048576, entitiesPerBlock=256, slots reserved=4294967296 bytes
[Subsystems] Discovering subsystems at path C:/Program Files/Unity/Hub/Editor/6000.6.3f1/Editor/Data/Resources/UnitySubsystems
[Subsystems] Discovering subsystems at path C:/Users/20070705/Desktop/Bianca/Local repositries/Quit-The-Story/Assets
[D3D12 Device Filter] Vendor Name: NVIDIA
[D3D12 Device Filter] Device Name: NVIDIA GeForce RTX 3060
[D3D12 Device Filter] Driver Version: 32.0.16.1060
[D3D12 Device Filter] Feature Level: 12.2
[D3D12 Device Filter] Graphics Memory: 12115 MB
[D3D12 Device Filter] Processor Count: 16
[D3D12 Device Filter] Device Type: Discrete
GfxDevice: creating device client; kGfxThreadingModeSplitJobs
d3d12: failed to query info queue interface (0x80004002).
Direct3D:
    Version:         Direct3D 12 [level 12.2]
    Renderer:        NVIDIA GeForce RTX 3060 (ID=0x2504)
    Vendor:          NVIDIA
    VRAM:            12115 MB
    App VRAM Budget: 11347 MB
    Driver:          32.0.16.1060
Initialize mono
Mono path[0] = 'C:/Program Files/Unity/Hub/Editor/6000.6.3f1/Editor/Data/Managed'
Mono path[1] = 'C:/Program Files/Unity/Hub/Editor/6000.6.3f1/Editor/Data/BCLExtensions/runtime/netstandard2.1'
Mono path[2] = 'C:/Program Files/Unity/Hub/Editor/6000.6.3f1/Editor/Data/MonoBleedingEdge/lib/mono/unityjit-win32'
Mono config path = 'C:/Program Files/Unity/Hub/Editor/6000.6.3f1/Editor/Data/MonoBleedingEdge/etc'
Using monoOptions --debugger-agent=transport=dt_socket,embedding=1,server=y,suspend=n,address=127.0.0.1:56496
CodeReloadManager initialized
ImportWorker Server TCP listen port: 0
AcceleratorClientConnectionCallback - disconnected - :0
Begin MonoManager ReloadAssembly
Registering precompiled unity dll's ...
Register platform support module: C:/Program Files/Unity/Hub/Editor/6000.6.3f1/Editor/Data/PlaybackEngines/WebGLSupport/UnityEditor.WebGL.Extensions.dll
Register platform support module: C:/Program Files/Unity/Hub/Editor/6000.6.3f1/Editor/Data/PlaybackEngines/WindowsStandaloneSupport/UnityEditor.WindowsStandalone.Extensions.dll
Registered in 0.004155 seconds.
Native extension for WindowsStandalone target not found
Native extension for WebGL target not found
Package Manager log level set to [2]
ScheduleIndexationOnStartup MainProcess:False IndexOnStartup:True
Scripting: successfully reloaded assembly
- Finished resetting the current domain, in  0.884 seconds
Domain Reload Profiling: 1688ms
	BeginReloadAssembly (257ms)
		CreateAndSetChildDomain (28ms)
	RebuildCommonClasses (5ms)
	RebuildNativeTypeToScriptingClass (20ms)
	initialDomainReloadingComplete (143ms)
	LoadAllAssembliesAndSetupDomain (374ms)
		LoadAssemblies (228ms)
		TypeCache.Refresh (254ms)
			TypeCache.ScanAssembly (236ms)
		AnalyzeDomain (1ms)
	FinalizeReload (889ms)
		SetupLoadedEditorAssemblies (0ms)
			InitializePlatformSupportModulesInManaged (3ms)
			BeforeProcessingInitializeOnLoad (119ms)
			ProcessInitializeOnLoadAttributes (110ms)
			ProcessInitializeOnLoadMethodAttributes (355ms)
[Licensing::Client] Successfully resolved entitlement details
Application.AssetDatabase Initial Refresh Start
[Package Manager] Restoring resolved packages state from cache
[Licensing::Client] Successfully resolved entitlement details
[Package Manager] Registered 42 packages:
  Packages from [https://packages.unity.com]:
    com.unity.ide.rider@3.0.38 (location: C:\Users\20070705\Desktop\Bianca\Local repositries\Quit-The-Story\Library\PackageCache\com.unity.ide.rider@1f60b3138684)
    com.unity.ide.visualstudio@2.0.26 (location: C:\Users\20070705\Desktop\Bianca\Local repositries\Quit-The-Story\Library\PackageCache\com.unity.ide.visualstudio@a99d56dec63f)
  Built-in packages:
    com.unity.modules.accessibility@1.0.0 (location: C:\Users\20070705\Desktop\Bianca\Local repositries\Quit-The-Story\Library\PackageCache\com.unity.modules.accessibility)
    com.unity.modules.adaptiveperformance@1.0.0 (location: C:\Users\20070705\Desktop\Bianca\Local repositries\Quit-The-Story\Library\PackageCache\com.unity.modules.adaptiveperformance)
    com.unity.modules.ai@1.0.0 (location: C:\Users\20070705\Desktop\Bianca\Local repositries\Quit-The-Story\Library\PackageCache\com.unity.modules.ai)
    com.unity.modules.androidjni@1.0.0 (location: C:\Users\20070705\Desktop\Bianca\Local repositries\Quit-The-Story\Library\PackageCache\com.unity.modules.androidjni)
    com.unity.modules.animation@1.0.0 (location: C:\Users\20070705\Desktop\Bianca\Local repositries\Quit-The-Story\Library\PackageCache\com.unity.modules.animation)
    com.unity.modules.assetbundle@1.0.0 (location: C:\Users\20070705\Desktop\Bianca\Local repositries\Quit-The-Story\Library\PackageCache\com.unity.modules.assetbundle)
    com.unity.modules.audio@1.0.0 (location: C:\Users\20070705\Desktop\Bianca\Local repositries\Quit-The-Story\Library\PackageCache\com.unity.modules.audio)
    com.unity.modules.cloth@1.0.0 (location: C:\Users\20070705\Desktop\Bianca\Local repositries\Quit-The-Story\Library\PackageCache\com.unity.modules.cloth)
    com.unity.modules.director@1.0.0 (location: C:\Users\20070705\Desktop\Bianca\Local repositries\Quit-The-Story\Library\PackageCache\com.unity.modules.director)
    com.unity.modules.imageconversion@1.0.0 (location: C:\Users\20070705\Desktop\Bianca\Local repositries\Quit-The-Story\Library\PackageCache\com.unity.modules.imageconversion)
    com.unity.modules.imgui@1.0.0 (location: C:\Users\20070705\Desktop\Bianca\Local repositries\Quit-The-Story\Library\PackageCache\com.unity.modules.imgui)
    com.unity.modules.jsonserialize@1.0.0 (location: C:\Users\20070705\Desktop\Bianca\Local repositries\Quit-The-Story\Library\PackageCache\com.unity.modules.jsonserialize)
    com.unity.modules.particlesystem@1.0.0 (location: C:\Users\20070705\Desktop\Bianca\Local repositries\Quit-The-Story\Library\PackageCache\com.unity.modules.particlesystem)
    com.unity.modules.physics@1.0.0 (location: C:\Users\20070705\Desktop\Bianca\Local repositries\Quit-The-Story\Library\PackageCache\com.unity.modules.physics)
    com.unity.modules.physics2d@1.0.0 (location: C:\Users\20070705\Desktop\Bianca\Local repositries\Quit-The-Story\Library\PackageCache\com.unity.modules.physics2d)
    com.unity.modules.physicscore2d@1.0.0 (location: C:\Users\20070705\Desktop\Bianca\Local repositries\Quit-The-Story\Library\PackageCache\com.unity.modules.physicscore2d)
    com.unity.modules.screencapture@1.0.0 (location: C:\Users\20070705\Desktop\Bianca\Local repositries\Quit-The-Story\Library\PackageCache\com.unity.modules.screencapture)
    com.unity.modules.terrain@1.0.0 (location: C:\Users\20070705\Desktop\Bianca\Local repositries\Quit-The-Story\Library\PackageCache\com.unity.modules.terrain)
    com.unity.modules.terrainphysics@1.0.0 (location: C:\Users\20070705\Desktop\Bianca\Local repositries\Quit-The-Story\Library\PackageCache\com.unity.modules.terrainphysics)
    com.unity.modules.tetgen@1.0.0 (location: C:\Users\20070705\Desktop\Bianca\Local repositries\Quit-The-Story\Library\PackageCache\com.unity.modules.tetgen)
    com.unity.modules.tilemap@1.0.0 (location: C:\Users\20070705\Desktop\Bianca\Local repositries\Quit-The-Story\Library\PackageCache\com.unity.modules.tilemap)
    com.unity.modules.timelinefoundation@1.0.0 (location: C:\Users\20070705\Desktop\Bianca\Local repositries\Quit-The-Story\Library\PackageCache\com.unity.modules.timelinefoundation)
    com.unity.modules.ui@1.0.0 (location: C:\Users\20070705\Desktop\Bianca\Local repositries\Quit-The-Story\Library\PackageCache\com.unity.modules.ui)
    com.unity.modules.uielements@1.0.0 (location: C:\Users\20070705\Desktop\Bianca\Local repositries\Quit-The-Story\Library\PackageCache\com.unity.modules.uielements)
    com.unity.modules.umbra@1.0.0 (location: C:\Users\20070705\Desktop\Bianca\Local repositries\Quit-The-Story\Library\PackageCache\com.unity.modules.umbra)
    com.unity.modules.unityanalytics@1.0.0 (location: C:\Users\20070705\Desktop\Bianca\Local repositries\Quit-The-Story\Library\PackageCache\com.unity.modules.unityanalytics)
    com.unity.modules.unitywebrequest@1.0.0 (location: C:\Users\20070705\Desktop\Bianca\Local repositries\Quit-The-Story\Library\PackageCache\com.unity.modules.unitywebrequest)
    com.unity.modules.unitywebrequestassetbundle@1.0.0 (location: C:\Users\20070705\Desktop\Bianca\Local repositries\Quit-The-Story\Library\PackageCache\com.unity.modules.unitywebrequestassetbundle)
    com.unity.modules.unitywebrequestaudio@1.0.0 (location: C:\Users\20070705\Desktop\Bianca\Local repositries\Quit-The-Story\Library\PackageCache\com.unity.modules.unitywebrequestaudio)
    com.unity.modules.unitywebrequesttexture@1.0.0 (location: C:\Users\20070705\Desktop\Bianca\Local repositries\Quit-The-Story\Library\PackageCache\com.unity.modules.unitywebrequesttexture)
    com.unity.modules.unitywebrequestwww@1.0.0 (location: C:\Users\20070705\Desktop\Bianca\Local repositries\Quit-The-Story\Library\PackageCache\com.unity.modules.unitywebrequestwww)
    com.unity.modules.vectorgraphics@1.0.0 (location: C:\Users\20070705\Desktop\Bianca\Local repositries\Quit-The-Story\Library\PackageCache\com.unity.modules.vectorgraphics)
    com.unity.modules.vehicles@1.0.0 (location: C:\Users\20070705\Desktop\Bianca\Local repositries\Quit-The-Story\Library\PackageCache\com.unity.modules.vehicles)
    com.unity.modules.video@1.0.0 (location: C:\Users\20070705\Desktop\Bianca\Local repositries\Quit-The-Story\Library\PackageCache\com.unity.modules.video)
    com.unity.modules.wind@1.0.0 (location: C:\Users\20070705\Desktop\Bianca\Local repositries\Quit-The-Story\Library\PackageCache\com.unity.modules.wind)
    com.unity.modules.xr@1.0.0 (location: C:\Users\20070705\Desktop\Bianca\Local repositries\Quit-The-Story\Library\PackageCache\com.unity.modules.xr)
    com.unity.modules.subsystems@1.0.0 (location: C:\Users\20070705\Desktop\Bianca\Local repositries\Quit-The-Story\Library\PackageCache\com.unity.modules.subsystems)
    com.unity.modules.hierarchycore@1.0.0 (location: C:\Users\20070705\Desktop\Bianca\Local repositries\Quit-The-Story\Library\PackageCache\com.unity.modules.hierarchycore)
    com.unity.test-framework@1.8.0 (location: C:\Users\20070705\Desktop\Bianca\Local repositries\Quit-The-Story\Library\PackageCache\com.unity.test-framework@80f691d4262b)
    com.unity.ext.nunit@2.1.0 (location: C:\Users\20070705\Desktop\Bianca\Local repositries\Quit-The-Story\Library\PackageCache\com.unity.ext.nunit@0198eae3b53e)
[Subsystems] No new subsystems found in resolved package list.
[Package Manager] Done registering packages in 0.06 seconds
Starting: C:\Program Files\Unity\Hub\Editor\6000.6.3f1\Editor\Data\Tools\BuildPipeline\bee_backend.exe --ipc --defer-dag-verification --dagfile="Library/Bee/1900b0aE.dag" --continue-on-failure --profile="Library/Bee/backend1.traceevents" ScriptAssemblies
WorkingDir: C:/Users/20070705/Desktop/Bianca/Local repositries/Quit-The-Story
ExitCode: 0 Duration: 0s269ms
[193/200    0s] ILPP-Configuration Library/ilpp-configuration.nevergeneratedoutput
*** Tundra build success (0.21 seconds), 1 items updated, 200 evaluated
AssetDatabase: script compilation time: 0.902701s
Begin MonoManager ReloadAssembly
Total cache size 119248188
Total cache size after purge 119248188, took 00:00:00.1607447
Native extension for WindowsStandalone target not found
Native extension for WebGL target not found
ScheduleIndexationOnStartup MainProcess:True IndexOnStartup:True
Scripting: successfully reloaded assembly
- Finished resetting the current domain, in  0.567 seconds
Domain Reload Profiling: 1247ms
	BeginReloadAssembly (325ms)
		DisableScriptedObjects (45ms)
		CreateAndSetChildDomain (49ms)
	RebuildCommonClasses (8ms)
	RebuildNativeTypeToScriptingClass (15ms)
	initialDomainReloadingComplete (89ms)
	LoadAllAssembliesAndSetupDomain (240ms)
		LoadAssemblies (285ms)
		TypeCache.Refresh (14ms)
			TypeCache.ScanAssembly (9ms)
		AnalyzeDomain (7ms)
			BuildScriptInfoCaches (6ms)
	FinalizeReload (569ms)
		SetupLoadedEditorAssemblies (0ms)
			LogAssemblyErrors (3ms)
			BeforeProcessingInitializeOnLoad (114ms)
			ProcessInitializeOnLoadAttributes (138ms)
			ProcessInitializeOnLoadMethodAttributes (56ms)
			AfterProcessingInitializeOnLoad (13ms)
		AwakeInstancesAfterBackupRestoration (46ms)
Starting new worker id: 0 with log in C:/Users/20070705/Desktop/Bianca/Local repositries/Quit-The-Story/Logs/AssetImportWorkerHW0.log

Asset Pipeline Refresh (id=d0157a74cca6d514eb058547382c04a2): Total: 2.617 seconds - Initiated by InitialRefreshV2(ForceSynchronousImport)
	(Values over 0.05ms)
	Summary:
		Imports: total=0 (actual=0, local cache=0, cache server=0)
		Asset DB Process Time: managed=0 ms, native=804 ms
		Asset DB Callback time: managed=41 ms, native=71 ms
		Scripting: domain reloads=1, domain reload time=777 ms, compile time=908 ms, other=14 ms
		Project Asset Count: scripts=169, non-scripts=61
		Asset File Changes: new=0, changed=0, moved=0, deleted=0
		Scan Filter Count: 0
	InvokePackagesCallback: 80.461ms
	ApplyChangesToAssetFolders: 0.840ms
	Scan: 41.511ms
	Collect global state as custom dependencies: 18.148ms
	CategorizeScriptCompilationAssets: 5.676ms
	ProcessAssetsWithTransientArtifactChanges: 7.052ms
	CategorizeAssets: 1.851ms
	CompileScripts: 907.743ms
	ImportOutOfDateAssets: 584.324ms (569.639ms without children)
		UnloadImportedAssets: 2.637ms
		ImportSchedulerStart: 12.004ms
	PostProcessAllAssets: 41.511ms
		MonoPostProcessAllAssets: 41.355ms
			SyncVS.PostprocessSyncProject 12.216ms
			WindowAssetPostprocessingWatcher.OnPostprocessAllAssets 10.738ms
			EditModeScopePostprocessor.OnPostprocessAllAssets 1.608ms
			SpeedTree9Postprocessor.OnPostprocessAllAssets 0.709ms
			ReferencedClipsPostProcessor.OnPostprocessAllAssets 0.242ms
			TerrainToolbarOverlayPostProcessor.OnPostprocessAllAssets 0.189ms
			AssetDatabaseCallbacks.OnPostprocessAllAssets 0.189ms
			RenderPipelineGlobalSettingsPostprocessor.OnPostprocessAllAssets 0.077ms
	UnloadStreamsBegin: 1.869ms
	Untracked: 900.008ms

Application.AssetDatabase Initial Refresh End
Launched and connected shader compiler UnityShaderCompiler.exe after 0.04 seconds
Scanning for USB devices : 7.054ms
Initializing Unity extensions:
[MODES] ModeService[none].Initialize
[MODES] ModeService[none].LoadModes
[MODES] Loading mode Default (0) for mode-current-id-Quit-The-Story
Unloading 3 Unused Serialized files (Serialized files now loaded: 0)
Unloading 497 unused Assets / (0.6 MB). Loaded Objects now: 1235.
Memory consumption went from 243.3 MB to 242.7 MB.
Total: 6.499100 ms (FindLiveObjects: 0.244800 ms CreateObjectMapping: 0.028800 ms MarkObjects: 5.614300 ms  DeleteObjects: 0.442600 ms)

[LAYOUT] About to load UserSettings\Layouts\default-6000.dwlt, keepMainWindow=False
[LAYOUT] About to save layout C:\Users\20070705\Desktop\Bianca\Local repositries\Quit-The-Story\UserSettings\Layouts\default-6000.dwlt
[LAYOUT] About to save layout C:/Users/20070705/AppData/Roaming/Unity/Editor-5.x/Preferences\Layouts\current\default-6000.dwlt
[MODES] ModeService[default].InitializeCurrentMode
[MODES] ModeService[default].RaiseModeChanged(default, default)
This project uses Input Manager, which is marked for deprecation. To manage input in your project, use the <a href="https://docs.unity3d.com/Packages/com.unity.inputsystem@latest">Input System package</a> instead.
<RI> Initializing input.
<RI> Input initialized.
[Project] Loading completed in 7.697 seconds
	Project init time: 				6.124 seconds
		Template init time: 		0.000 seconds
		Package Manager init time: 		0.294 seconds
		Asset Database init time: 		0.448 seconds
		Global illumination init time: 	0.006 seconds
		Assemblies load time: 			1.802 seconds
		Unity extensions init time: 	0.003 seconds
		Asset Database refresh time: 	2.617 seconds
	Scene opening time: 			1.313 seconds
##utp:{"type":"ProjectInfo","version":2,"phase":"Immediate","time":1790776780383,"processId":23496,"projectLoad":7.6968487,"projectInit":6.1239343999999996,"templateInit":0.0,"packageManagerInit":0.2940045,"assetDatabaseInit":0.4476902,"globalIlluminationInit":0.0055639,"assembliesLoad":1.8023254,"unityExtensionsInit":0.0025252,"assetDatabaseRefresh":2.6172477,"sceneOpening":1.3134195}
##utp:{"type":"EditorInfo","version":2,"phase":"Immediate","time":1790776780383,"processId":23496,"editorVersion":"6000.6.3f1 (45d8eee7de74)","branch":"6000.6/staging","buildType":"Release","platform":"Windows"}
Worker ready: AssetImportWorkerHW0 0
Start Indexing on Editor startup
[Indexing] Starting Initial Indexing for Assets
Created GICache directory at C:/Users/20070705/AppData/LocalLow/Unity/Caches/GiCache. Took: 0.018s, timestamps: [8.720 - 8.738]
[Licensing::Client] Successfully resolved entitlement details
[Licensing::Client] Successfully resolved entitlement details
[Licensing::Client] Successfully updated the access token
[Licensing::Module] Successfully updated access token: "g3BXcpak"... (expires: 2026-09-30T15:56:21Z)
[Licensing::Client] Successfully resolved entitlement details
TrimDiskCacheJob: Current cache size 0mb
Asset Pipeline Refresh (id=ca8804ca63e0f2b43830be78b44d64d1): Total: 0.071 seconds - Initiated by RefreshV2(AllowForceSynchronousImport)
MonoPathRemapper: Attempts to remap: 6414; Successful remaps: 1170
Serialized file version minimum: 23, current 23
[LAYOUT] About to save layout C:\Users\20070705\Desktop\Bianca\Local repositries\Quit-The-Story\UserSettings\Layouts\default-6000.dwlt
[LAYOUT] About to save layout C:/Users/20070705/AppData/Roaming/Unity/Editor-5.x/Preferences\Layouts\current\default-6000.dwlt
[Physics::Module] Cleanup current backend.
[Physics::Module] Id: 0xf2b8ea05
Input System module state changed to: ShutdownInProgress.
Input Polling Thread exited.
Input System module state changed to: Shutdown.
[Licensing::IpcConnector] LicenseClient-20070705-notifications channel disconnected successfully.
[Licensing::IpcConnector] LicenseClient-20070705 channel disconnected successfully.
Lingering sessions upon destruction of worker manager
Unity Data Store service was successfully shut down
UDS shutting down local client system
Shut down UDS service system complete
AcceleratorClientConnectionCallback - disconnected - :0
Cleanup mono
CodeReloadManager destroyed
abort_threads: Failed aborting id: 0000000000004804, mono_thread_manage will ignore it

abort_threads: Failed aborting id: 0000000000004D58, mono_thread_manage will ignore it

abort_threads: Failed aborting id: 0000000000004804, mono_thread_manage will ignore it

abort_threads: Failed aborting id: 0000000000004D58, mono_thread_manage will ignore it

debugger-agent: Unable to listen on 4952
VBCSCompilerPreWarmer: requested VBCSCompiler shutdown
Checking for leaked weakptr:
  Found no leaked weakptrs.
[Package Manager] Server process was shutdown
##utp:{"type":"MemoryLeaks","version":2,"phase":"Immediate","time":1790776958473,"processId":23496,"allocatedMemory":11400557,"memoryLabels":[{"Default":169973},{"Permanent":15516},{"NewDelete":71121},{"Thread":4205600},{"Manager":33792},{"VertexData":8},{"Geometry":816},{"Texture":24},{"Shader":849937},{"Material":68},{"GfxDevice":62040},{"Animation":952},{"Audio":984},{"FreeType":8},{"FontEngine":736},{"Physics":1970},{"Physics2D":16},{"Serialization":131640},{"Input":42840},{"JobScheduler":256},{"TextLib":23254},{"Mono":48},{"ScriptingNativeRuntime":1210712},{"BaseObject":49200},{"Resource":1252},{"Renderer":2376},{"Transform":4685},{"File":4416},{"WebCam":616},{"Culling":32},{"Terrain":11442},{"Wind":24},{"STL":40},{"String":435019},{"StaticString":3808},{"Utility":2674981},{"Curl":48},{"PoolAlloc":2168},{"AI":80},{"TypeTree":17165},{"ScriptManager":12656},{"CodeReload":448},{"RuntimeInitializeOnLoadManager":64},{"Sprites":102},{"SpriteAtlas":120},{"GI":7816},{"Director":8296},{"CloudService":7584},{"WebRequest":12965},{"VR":49650},{"SceneManager":608},{"Video":208},{"LazyScriptCache":32},{"Camera":1657},{"Secure":265},{"SerializationCache":9256},{"APIUpdating":10320},{"Subsystems":336},{"VirtualTexturing":57888},{"StaticSafetyDebugInfo":278528},{"Analytics":768},{"Hierarchy":1188},{"UIElements":40},{"CoreStats":14456},{"Identifiers":7152},{"Gui":267608},{"EditorUtility":140027},{"VersionControl":8},{"Undo":931},{"AssetDatabase":413485},{"AssetImporter":40},{"EditorGi":328},{"UnityConnect":36954},{"Upm":1988},{"UpmDiagnostics":8},{"AssetCompliance":96},{"DrivenProperties":72},{"LocalIPC":266},{"ProfilerEditor":9746},{"CoreBusinessMetrics":3606},{"Windowing":456},{"Licensing":12808},{"AssetReference":32},{"IPCStream":32}]}
